// Jest Snapshot v1, https://goo.gl/fbAQLP

exports[`Container with 4 items snapshot 1`] = `
<div>
  <div
    class="h-screen bg-slate-300"
  >
    <div
      class="px-2 py-2 md:px-10 md:py-10 md:container md:mx-auto"
    >
      <div
        class="max-w-3xl mx-auto my-0 md:my-6"
      >
        <form
          class="w-full"
          data-projection-id="26"
          style="opacity: 0; transform: translateY(-100) translateZ(0);"
        >
          <textarea
            class=" form-control block w-full px-2 py-1.5 text-base font-normal text-gray-700 bg-white bg-clip-padding border border-solid border-gray-300 rounded m-0 focus:text-gray-700 focus:bg-white focus:border-blue-600 focus:outline-none"
            id="exampleFormControlTextarea1"
            placeholder="Your new task"
            rows="4"
          />
        </form>
      </div>
      <ul
        class="overflow-y-auto"
        data-projection-id="27"
        data-testid="taskList"
        style="max-height: 80vh;"
      >
        <li
          class="max-w-3xl p-4 mx-auto my-4 rounded-lg shadow-lg bg-slate-200"
          data-projection-id="28"
          data-testid="listItem0"
          draggable="false"
          style="z-index: unset; opacity: 0; transform: translateX(-100px) translateY(0px) translateZ(0); user-select: none;"
        >
          <h4
            class="text-lg font-semibold text-gray-800"
          >
            Your mouth is a revolver, firing bullets in the sky (Mh-mh-mh-mh)
          </h4>
          <p
            class="mt-2 text-sm font-semibold text-gray-600"
          >
            Created on 
            Sat Jan 14 2022
          </p>
          <div
            class="flex justify-end space-x-2"
          >
            <svg
              class="w-6 h-6"
              fill="none"
              stroke="currentColor"
              viewBox="0 0 24 24"
              xmlns="http://www.w3.org/2000/svg"
            >
              <path
                d="M5 13l4 4L19 7"
                stroke-linecap="round"
                stroke-linejoin="round"
                stroke-width="2"
              />
            </svg>
            <svg
              class="w-6 h-6"
              fill="none"
              stroke="currentColor"
              viewBox="0 0 24 24"
              xmlns="http://www.w3.org/2000/svg"
            >
              <path
                d="M11 5H6a2 2 0 00-2 2v11a2 2 0 002 2h11a2 2 0 002-2v-5m-1.414-9.414a2 2 0 112.828 2.828L11.828 15H9v-2.828l8.586-8.586z"
                stroke-linecap="round"
                stroke-linejoin="round"
                stroke-width="2"
              />
            </svg>
            <svg
              class="w-6 h-6 cursor-pointer"
              data-testid="itemButton0"
              fill="none"
              stroke="currentColor"
              viewBox="0 0 24 24"
              xmlns="http://www.w3.org/2000/svg"
            >
              <path
                d="M19 7l-.867 12.142A2 2 0 0116.138 21H7.862a2 2 0 01-1.995-1.858L5 7m5 4v6m4-6v6m1-10V4a1 1 0 00-1-1h-4a1 1 0 00-1 1v3M4 7h16"
                stroke-linecap="round"
                stroke-linejoin="round"
                stroke-width="2"
              />
            </svg>
          </div>
        </li>
        <li
          class="max-w-3xl p-4 mx-auto my-4 rounded-lg shadow-lg bg-slate-200"
          data-projection-id="29"
          data-testid="listItem1"
          draggable="false"
          style="z-index: unset; opacity: 0; transform: translateX(-100px) translateY(0px) translateZ(0); user-select: none;"
        >
          <h4
            class="text-lg font-semibold text-gray-800"
          >
            People like us, we dont Need that much, just some One that starts, starts the spark in our bonfire hearts
          </h4>
          <p
            class="mt-2 text-sm font-semibold text-gray-600"
          >
            Created on 
            Sat Jan 13 2022
          </p>
          <div
            class="flex justify-end space-x-2"
          >
            <svg
              class="w-6 h-6"
              fill="none"
              stroke="currentColor"
              viewBox="0 0 24 24"
              xmlns="http://www.w3.org/2000/svg"
            >
              <path
                d="M5 13l4 4L19 7"
                stroke-linecap="round"
                stroke-linejoin="round"
                stroke-width="2"
              />
            </svg>
            <svg
              class="w-6 h-6"
              fill="none"
              stroke="currentColor"
              viewBox="0 0 24 24"
              xmlns="http://www.w3.org/2000/svg"
            >
              <path
                d="M11 5H6a2 2 0 00-2 2v11a2 2 0 002 2h11a2 2 0 002-2v-5m-1.414-9.414a2 2 0 112.828 2.828L11.828 15H9v-2.828l8.586-8.586z"
                stroke-linecap="round"
                stroke-linejoin="round"
                stroke-width="2"
              />
            </svg>
            <svg
              class="w-6 h-6 cursor-pointer"
              data-testid="itemButton1"
              fill="none"
              stroke="currentColor"
              viewBox="0 0 24 24"
              xmlns="http://www.w3.org/2000/svg"
            >
              <path
                d="M19 7l-.867 12.142A2 2 0 0116.138 21H7.862a2 2 0 01-1.995-1.858L5 7m5 4v6m4-6v6m1-10V4a1 1 0 00-1-1h-4a1 1 0 00-1 1v3M4 7h16"
                stroke-linecap="round"
                stroke-linejoin="round"
                stroke-width="2"
              />
            </svg>
          </div>
        </li>
        <li
          class="max-w-3xl p-4 mx-auto my-4 rounded-lg shadow-lg bg-slate-200"
          data-projection-id="30"
          data-testid="listItem2"
          draggable="false"
          style="z-index: unset; opacity: 0; transform: translateX(-100px) translateY(0px) translateZ(0); user-select: none;"
        >
          <h4
            class="text-lg font-semibold text-gray-800"
          >
            This world is getting colder, strangers passing by (Mh-mh-mh-mh) No one offers you a shoulder, no one looks you in the eye, eye, eye (Mh-mh-mh-mh)
          </h4>
          <p
            class="mt-2 text-sm font-semibold text-gray-600"
          >
            Created on 
            Sat Jan 15 2022
          </p>
          <div
            class="flex justify-end space-x-2"
          >
            <svg
              class="w-6 h-6"
              fill="none"
              stroke="currentColor"
              viewBox="0 0 24 24"
              xmlns="http://www.w3.org/2000/svg"
            >
              <path
                d="M5 13l4 4L19 7"
                stroke-linecap="round"
                stroke-linejoin="round"
                stroke-width="2"
              />
            </svg>
            <svg
              class="w-6 h-6"
              fill="none"
              stroke="currentColor"
              viewBox="0 0 24 24"
              xmlns="http://www.w3.org/2000/svg"
            >
              <path
                d="M11 5H6a2 2 0 00-2 2v11a2 2 0 002 2h11a2 2 0 002-2v-5m-1.414-9.414a2 2 0 112.828 2.828L11.828 15H9v-2.828l8.586-8.586z"
                stroke-linecap="round"
                stroke-linejoin="round"
                stroke-width="2"
              />
            </svg>
            <svg
              class="w-6 h-6 cursor-pointer"
              data-testid="itemButton2"
              fill="none"
              stroke="currentColor"
              viewBox="0 0 24 24"
              xmlns="http://www.w3.org/2000/svg"
            >
              <path
                d="M19 7l-.867 12.142A2 2 0 0116.138 21H7.862a2 2 0 01-1.995-1.858L5 7m5 4v6m4-6v6m1-10V4a1 1 0 00-1-1h-4a1 1 0 00-1 1v3M4 7h16"
                stroke-linecap="round"
                stroke-linejoin="round"
                stroke-width="2"
              />
            </svg>
          </div>
        </li>
        <li
          class="max-w-3xl p-4 mx-auto my-4 rounded-lg shadow-lg bg-slate-200"
          data-projection-id="31"
          data-testid="listItem3"
          draggable="false"
          style="z-index: unset; opacity: 0; transform: translateX(-100px) translateY(0px) translateZ(0); user-select: none;"
        >
          <h4
            class="text-lg font-semibold text-gray-800"
          >
            Days like these lead to Nights like this lead to Love like ours You light the spark in my bonfire heart
          </h4>
          <p
            class="mt-2 text-sm font-semibold text-gray-600"
          >
            Created on 
            Sat Jan 12 2022
          </p>
          <div
            class="flex justify-end space-x-2"
          >
            <svg
              class="w-6 h-6"
              fill="none"
              stroke="currentColor"
              viewBox="0 0 24 24"
              xmlns="http://www.w3.org/2000/svg"
            >
              <path
                d="M5 13l4 4L19 7"
                stroke-linecap="round"
                stroke-linejoin="round"
                stroke-width="2"
              />
            </svg>
            <svg
              class="w-6 h-6"
              fill="none"
              stroke="currentColor"
              viewBox="0 0 24 24"
              xmlns="http://www.w3.org/2000/svg"
            >
              <path
                d="M11 5H6a2 2 0 00-2 2v11a2 2 0 002 2h11a2 2 0 002-2v-5m-1.414-9.414a2 2 0 112.828 2.828L11.828 15H9v-2.828l8.586-8.586z"
                stroke-linecap="round"
                stroke-linejoin="round"
                stroke-width="2"
              />
            </svg>
            <svg
              class="w-6 h-6 cursor-pointer"
              data-testid="itemButton3"
              fill="none"
              stroke="currentColor"
              viewBox="0 0 24 24"
              xmlns="http://www.w3.org/2000/svg"
            >
              <path
                d="M19 7l-.867 12.142A2 2 0 0116.138 21H7.862a2 2 0 01-1.995-1.858L5 7m5 4v6m4-6v6m1-10V4a1 1 0 00-1-1h-4a1 1 0 00-1 1v3M4 7h16"
                stroke-linecap="round"
                stroke-linejoin="round"
                stroke-width="2"
              />
            </svg>
          </div>
        </li>
      </ul>
    </div>
  </div>
</div>
`;
